// Jest Snapshot v1, https://goo.gl/fbAQLP

exports[`BookListContainer: BookListContainer - error renders properly 1`] = `<ErrorIndicator />`;

exports[`BookListContainer: BookListContainer - loading renders properly 1`] = `<Spinner />`;

exports[`BookListContainer: BookListContainer renders BookList component renders properly 1`] = `
<BookList
  books={Array []}
/>
`;
